// Jest Snapshot v1, https://goo.gl/fbAQLP

exports[`Projects matches snapshot following changes 1`] = `
<div
  className="Default-Page"
>
  <div>
    <div
      className="ui card project-card-preloaded"
      onClick={[Function]}
    >
      <div
        className="center aligned header"
        style={
          Object {
            "marginBottom": "10%",
            "marginTop": "10%",
            "maxWidth": "70%",
          }
        }
      >
        Projects
      </div>
      <div
        className="center aligned description"
        style={
          Object {
            "fontSize": "1.2rem",
            "maxWidth": "70%",
            "opacity": "0.7",
          }
        }
      >
        Select the arrow on the right to navigate to my various projects - or click on the links below
      </div>
      <div
        className="extra center aligned content"
        style={
          Object {
            "maxWidth": "70%",
          }
        }
      >
        <button
          aria-label="Previous project"
          className="ui disabled button project-left-arrow-button"
          disabled={true}
          onClick={[Function]}
          tabIndex={-1}
        >
          <i
            aria-hidden="true"
            className="arrow left icon"
            onClick={[Function]}
            style={
              Object {
                "marginLeft": "-8px",
              }
            }
          />
        </button>
        <div
          onMouseEnter={[Function]}
          onMouseLeave={[Function]}
        >
          <a
            className="ui inverted button"
            href="/projects/kronos"
            onClick={[Function]}
            role="button"
            style={
              Object {
                "marginBottom": "10%",
              }
            }
          >
            Kronos
          </a>
        </div>
        <div
          onMouseEnter={[Function]}
          onMouseLeave={[Function]}
        >
          <a
            className="ui inverted button"
            href="/projects/calculator"
            onClick={[Function]}
            role="button"
            style={
              Object {
                "marginBottom": "10%",
              }
            }
          >
            Calculator
          </a>
        </div>
        <div
          onMouseEnter={[Function]}
          onMouseLeave={[Function]}
        >
          <a
            className="ui inverted button"
            href="/projects/geography-game"
            onClick={[Function]}
            role="button"
            style={
              Object {
                "marginBottom": "10%",
              }
            }
          >
            Geography Game
          </a>
        </div>
        <div
          onMouseEnter={[Function]}
          onMouseLeave={[Function]}
        >
          <a
            className="ui inverted button"
            href="/projects/fantasy-basketball"
            onClick={[Function]}
            role="button"
            style={
              Object {
                "marginBottom": "10%",
              }
            }
          >
            Fantasy Basketball
          </a>
        </div>
        <button
          aria-label="Next project"
          className="ui button project-right-arrow-button"
          onClick={[Function]}
        >
          <i
            aria-hidden="true"
            className="arrow right icon"
            onClick={[Function]}
            style={
              Object {
                "marginLeft": "-7px",
              }
            }
          />
        </button>
      </div>
    </div>
  </div>
</div>
`;
